[debug] [2025-11-23T16:19:01.934Z] ----------------------------------------------------------------------
[debug] [2025-11-23T16:19:01.976Z] Command:       C:\Program Files\nodejs\node.exe C:\Users\ivash\AppData\Roaming\npm\node_modules\firebase-tools\lib\bin\firebase.js deploy --only functions
[debug] [2025-11-23T16:19:01.977Z] CLI Version:   14.23.0
[debug] [2025-11-23T16:19:01.978Z] Platform:      win32
[debug] [2025-11-23T16:19:01.978Z] Node Version:  v22.12.0
[debug] [2025-11-23T16:19:01.979Z] Time:          Sun Nov 23 2025 16:19:01 GMT+0000 (Greenwich Mean Time)
[debug] [2025-11-23T16:19:01.979Z] ----------------------------------------------------------------------
[debug] 
[debug] [2025-11-23T16:19:01.985Z] >>> [apiv2][query] GET https://firebase-public.firebaseio.com/cli.json [none]
[debug] [2025-11-23T16:19:03.348Z] Object "/functions" in "firebase.json" has unknown property: {"additionalProperty":"region"}
[debug] [2025-11-23T16:19:03.349Z] Object "/functions" in "firebase.json" is missing required property: {"missingProperty":"remoteSource"}
[debug] [2025-11-23T16:19:03.349Z] Field "/functions" in "firebase.json" is possibly invalid: must be array
[debug] [2025-11-23T16:19:03.349Z] Field "/functions" in "firebase.json" is possibly invalid: must match a schema in anyOf
[debug] [2025-11-23T16:19:03.430Z] > command requires scopes: ["email","openid","https://www.googleapis.com/auth/cloudplatformprojects.readonly","https://www.googleapis.com/auth/firebase","https://www.googleapis.com/auth/cloud-platform"]
[debug] [2025-11-23T16:19:03.431Z] > authorizing via signed-in user (ivashchenkodmitry@gmail.com)
[debug] [2025-11-23T16:19:03.431Z] [iam] checking project calendar-dev-f58f5 for permissions ["cloudfunctions.functions.create","cloudfunctions.functions.delete","cloudfunctions.functions.get","cloudfunctions.functions.list","cloudfunctions.functions.update","cloudfunctions.operations.get","firebase.projects.get"]
[debug] [2025-11-23T16:19:03.432Z] Checked if tokens are valid: false, expires at: 1763574860761
[debug] [2025-11-23T16:19:03.433Z] Checked if tokens are valid: false, expires at: 1763574860761
[debug] [2025-11-23T16:19:03.433Z] > refreshing access token with scopes: []
[debug] [2025-11-23T16:19:03.437Z] >>> [apiv2][query] POST https://www.googleapis.com/oauth2/v3/token [none]
[debug] [2025-11-23T16:19:03.437Z] >>> [apiv2][body] POST https://www.googleapis.com/oauth2/v3/token [omitted]
[debug] [2025-11-23T16:19:03.590Z] <<< [apiv2][status] POST https://www.googleapis.com/oauth2/v3/token 200
[debug] [2025-11-23T16:19:03.590Z] <<< [apiv2][body] POST https://www.googleapis.com/oauth2/v3/token [omitted]
[debug] [2025-11-23T16:19:03.607Z] >>> [apiv2][query] POST https://cloudresourcemanager.googleapis.com/v1/projects/calendar-dev-f58f5:testIamPermissions [none]
[debug] [2025-11-23T16:19:03.607Z] >>> [apiv2][(partial)header] POST https://cloudresourcemanager.googleapis.com/v1/projects/calendar-dev-f58f5:testIamPermissions x-goog-quota-user=projects/calendar-dev-f58f5
[debug] [2025-11-23T16:19:03.607Z] >>> [apiv2][body] POST https://cloudresourcemanager.googleapis.com/v1/projects/calendar-dev-f58f5:testIamPermissions {"permissions":["cloudfunctions.functions.create","cloudfunctions.functions.delete","cloudfunctions.functions.get","cloudfunctions.functions.list","cloudfunctions.functions.update","cloudfunctions.operations.get","firebase.projects.get"]}
[debug] [2025-11-23T16:19:03.724Z] <<< [apiv2][status] GET https://firebase-public.firebaseio.com/cli.json 200
[debug] [2025-11-23T16:19:03.724Z] <<< [apiv2][body] GET https://firebase-public.firebaseio.com/cli.json {"cloudBuildErrorAfter":1594252800000,"cloudBuildWarnAfter":1590019200000,"defaultNode10After":1594252800000,"minVersion":"3.0.5","node8DeploysDisabledAfter":1613390400000,"node8RuntimeDisabledAfter":1615809600000,"node8WarnAfter":1600128000000}
[debug] [2025-11-23T16:19:04.222Z] <<< [apiv2][status] POST https://cloudresourcemanager.googleapis.com/v1/projects/calendar-dev-f58f5:testIamPermissions 200
[debug] [2025-11-23T16:19:04.222Z] <<< [apiv2][body] POST https://cloudresourcemanager.googleapis.com/v1/projects/calendar-dev-f58f5:testIamPermissions {"permissions":["cloudfunctions.functions.create","cloudfunctions.functions.delete","cloudfunctions.functions.get","cloudfunctions.functions.list","cloudfunctions.functions.update","cloudfunctions.operations.get","firebase.projects.get"]}
[debug] [2025-11-23T16:19:04.223Z] Checked if tokens are valid: true, expires at: 1763918342591
[debug] [2025-11-23T16:19:04.224Z] Checked if tokens are valid: true, expires at: 1763918342591
[debug] [2025-11-23T16:19:04.224Z] >>> [apiv2][query] POST https://iam.googleapis.com/v1/projects/calendar-dev-f58f5/serviceAccounts/calendar-dev-f58f5@appspot.gserviceaccount.com:testIamPermissions [none]
[debug] [2025-11-23T16:19:04.224Z] >>> [apiv2][body] POST https://iam.googleapis.com/v1/projects/calendar-dev-f58f5/serviceAccounts/calendar-dev-f58f5@appspot.gserviceaccount.com:testIamPermissions {"permissions":["iam.serviceAccounts.actAs"]}
[debug] [2025-11-23T16:19:04.518Z] <<< [apiv2][status] POST https://iam.googleapis.com/v1/projects/calendar-dev-f58f5/serviceAccounts/calendar-dev-f58f5@appspot.gserviceaccount.com:testIamPermissions 200
[debug] [2025-11-23T16:19:04.518Z] <<< [apiv2][body] POST https://iam.googleapis.com/v1/projects/calendar-dev-f58f5/serviceAccounts/calendar-dev-f58f5@appspot.gserviceaccount.com:testIamPermissions {"permissions":["iam.serviceAccounts.actAs"]}
[info] 
[info] === Deploying to 'calendar-dev-f58f5'...
[info] 
[info] i  deploying functions 
[debug] [2025-11-23T16:19:04.530Z] Checked if tokens are valid: true, expires at: 1763918342591
[debug] [2025-11-23T16:19:04.530Z] Checked if tokens are valid: true, expires at: 1763918342591
[debug] [2025-11-23T16:19:04.530Z] >>> [apiv2][query] GET https://cloudresourcemanager.googleapis.com/v1/projects/calendar-dev-f58f5 [none]
[debug] [2025-11-23T16:19:04.708Z] <<< [apiv2][status] GET https://cloudresourcemanager.googleapis.com/v1/projects/calendar-dev-f58f5 200
[debug] [2025-11-23T16:19:04.708Z] <<< [apiv2][body] GET https://cloudresourcemanager.googleapis.com/v1/projects/calendar-dev-f58f5 {"projectNumber":"1097903638769","projectId":"calendar-dev-f58f5","lifecycleState":"ACTIVE","name":"calendar-dev","labels":{"firebase":"enabled","firebase-core":"disabled"},"createTime":"2025-10-05T15:45:32.679303Z"}
[info] i  functions: preparing codebase default for deployment 
[info] i  functions: ensuring required API cloudfunctions.googleapis.com is enabled... 
[info] i  functions: ensuring required API cloudbuild.googleapis.com is enabled... 
[info] i  artifactregistry: ensuring required API artifactregistry.googleapis.com is enabled... 
[debug] [2025-11-23T16:19:04.811Z] Checked if tokens are valid: true, expires at: 1763918342591
[debug] [2025-11-23T16:19:04.811Z] Checked if tokens are valid: true, expires at: 1763918342591
[debug] [2025-11-23T16:19:04.811Z] >>> [apiv2][query] GET https://firebase.googleapis.com/v1beta1/projects/calendar-dev-f58f5/adminSdkConfig [none]
[debug] [2025-11-23T16:19:05.139Z] <<< [apiv2][status] GET https://firebase.googleapis.com/v1beta1/projects/calendar-dev-f58f5/adminSdkConfig 200
[debug] [2025-11-23T16:19:05.139Z] <<< [apiv2][body] GET https://firebase.googleapis.com/v1beta1/projects/calendar-dev-f58f5/adminSdkConfig {"projectId":"calendar-dev-f58f5","storageBucket":"calendar-dev-f58f5.firebasestorage.app"}
[debug] [2025-11-23T16:19:05.140Z] Checked if tokens are valid: true, expires at: 1763918342591
[debug] [2025-11-23T16:19:05.141Z] Checked if tokens are valid: true, expires at: 1763918342591
[debug] [2025-11-23T16:19:05.141Z] >>> [apiv2][query] GET https://runtimeconfig.googleapis.com/v1beta1/projects/calendar-dev-f58f5/configs [none]
[debug] [2025-11-23T16:19:05.438Z] <<< [apiv2][status] GET https://runtimeconfig.googleapis.com/v1beta1/projects/calendar-dev-f58f5/configs 200
[debug] [2025-11-23T16:19:05.439Z] <<< [apiv2][body] GET https://runtimeconfig.googleapis.com/v1beta1/projects/calendar-dev-f58f5/configs {}
[debug] [2025-11-23T16:19:05.787Z] Validating nodejs source
[warn] !  functions: package.json indicates an outdated version of firebase-functions. Please upgrade using npm install --save firebase-functions@latest in your functions directory. 
[warn] !  functions: Please note that there will be breaking changes when you upgrade. 
[debug] [2025-11-23T16:19:11.545Z] > [functions] package.json contents: {
  "name": "calendar-dev-server",
  "version": "1.0.0",
  "private": true,
  "type": "module",
  "main": "dist/functions.js",
  "engines": {
    "node": "20"
  },
  "scripts": {
    "dev": "cross-env START_SERVER=true PORT=4000 nodemon --watch src --ext ts --exec \"node --loader ts-node/esm src/index.ts\"",
    "build": "tsc -p tsconfig.json",
    "start": "cross-env START_SERVER=true node dist/index.js",
    "test": "vitest --run",
    "test:watch": "vitest",
    "test:coverage": "vitest --coverage"
  },
  "dependencies": {
    "cors": "^2.8.5",
    "dotenv": "^16.6.1",
    "express": "^4.19.2",
    "firebase-admin": "^12.6.0",
    "firebase-functions": "^5.1.1",
    "morgan": "^1.10.0",
    "uuid": "^9.0.1",
    "zod": "^3.23.8",
    "nanoid": "^5.1.5"
  },
  "devDependencies": {
    "@types/cors": "^2.8.17",
    "@types/express": "^4.17.21",
    "@types/morgan": "^1.9.9",
    "@types/node": "^20.14.12",
    "@types/supertest": "^2.0.16",
    "@vitest/coverage-v8": "^1.6.0",
    "cross-env": "^7.0.3",
    "nodemon": "^3.1.0",
    "supertest": "^7.0.0",
    "ts-node": "^10.9.2",
    "typescript": "^5.6.3",
    "vitest": "^1.6.0"
  }
}
[debug] [2025-11-23T16:19:11.546Z] Building nodejs source
[info] i  functions: Loading and analyzing source code for codebase default to determine what to deploy 
[debug] [2025-11-23T16:19:11.550Z] Could not find functions.yaml. Must use http discovery
[debug] [2025-11-23T16:19:11.579Z] Found firebase-functions binary at 'C:\Projects\Foxminded\task_3_9\node_modules\.bin\firebase-functions'
[info] Serving at port 8765

[debug] [2025-11-23T16:19:15.651Z] Got response from /__/functions.yaml {"endpoints":{"api":{"platform":"gcfv1","availableMemoryMb":null,"timeoutSeconds":null,"minInstances":null,"maxInstances":null,"ingressSettings":null,"serviceAccountEmail":null,"vpc":null,"region":["europe-west2"],"httpsTrigger":{},"entryPoint":"api"}},"specVersion":"v1alpha1","requiredAPIs":[],"extensions":{}}
[info] i  extensions: ensuring required API firebaseextensions.googleapis.com is enabled... 
[debug] [2025-11-23T16:19:19.740Z] > command requires scopes: ["email","openid","https://www.googleapis.com/auth/cloudplatformprojects.readonly","https://www.googleapis.com/auth/firebase","https://www.googleapis.com/auth/cloud-platform"]
[debug] [2025-11-23T16:19:19.741Z] > authorizing via signed-in user (ivashchenkodmitry@gmail.com)
[debug] [2025-11-23T16:19:19.741Z] [iam] checking project calendar-dev-f58f5 for permissions ["firebase.projects.get","firebaseextensions.instances.list"]
[debug] [2025-11-23T16:19:19.741Z] Checked if tokens are valid: true, expires at: 1763918342591
[debug] [2025-11-23T16:19:19.742Z] Checked if tokens are valid: true, expires at: 1763918342591
[debug] [2025-11-23T16:19:19.742Z] >>> [apiv2][query] POST https://cloudresourcemanager.googleapis.com/v1/projects/calendar-dev-f58f5:testIamPermissions [none]
[debug] [2025-11-23T16:19:19.742Z] >>> [apiv2][(partial)header] POST https://cloudresourcemanager.googleapis.com/v1/projects/calendar-dev-f58f5:testIamPermissions x-goog-quota-user=projects/calendar-dev-f58f5
[debug] [2025-11-23T16:19:19.742Z] >>> [apiv2][body] POST https://cloudresourcemanager.googleapis.com/v1/projects/calendar-dev-f58f5:testIamPermissions {"permissions":["firebase.projects.get","firebaseextensions.instances.list"]}
[debug] [2025-11-23T16:19:20.596Z] <<< [apiv2][status] POST https://cloudresourcemanager.googleapis.com/v1/projects/calendar-dev-f58f5:testIamPermissions 200
[debug] [2025-11-23T16:19:20.596Z] <<< [apiv2][body] POST https://cloudresourcemanager.googleapis.com/v1/projects/calendar-dev-f58f5:testIamPermissions {"permissions":["firebase.projects.get","firebaseextensions.instances.list"]}
[debug] [2025-11-23T16:19:20.597Z] Checked if tokens are valid: true, expires at: 1763918342591
[debug] [2025-11-23T16:19:20.597Z] Checked if tokens are valid: true, expires at: 1763918342591
[debug] [2025-11-23T16:19:20.598Z] >>> [apiv2][query] GET https://firebaseextensions.googleapis.com/v1beta/projects/calendar-dev-f58f5/instances pageSize=100&pageToken=
[debug] [2025-11-23T16:19:21.412Z] <<< [apiv2][status] GET https://firebaseextensions.googleapis.com/v1beta/projects/calendar-dev-f58f5/instances 200
[debug] [2025-11-23T16:19:21.412Z] <<< [apiv2][body] GET https://firebaseextensions.googleapis.com/v1beta/projects/calendar-dev-f58f5/instances {}
[info] i  functions: preparing server directory for uploading... 
[info] i  functions: packaged C:\Projects\Foxminded\task_3_9\server (29.38 KB) for uploading 
[debug] [2025-11-23T16:19:21.874Z] Checked if tokens are valid: true, expires at: 1763918342591
[debug] [2025-11-23T16:19:21.874Z] Checked if tokens are valid: true, expires at: 1763918342591
[debug] [2025-11-23T16:19:21.875Z] >>> [apiv2][query] GET https://cloudfunctions.googleapis.com/v1/projects/calendar-dev-f58f5/locations/-/functions [none]
[debug] [2025-11-23T16:19:22.529Z] <<< [apiv2][status] GET https://cloudfunctions.googleapis.com/v1/projects/calendar-dev-f58f5/locations/-/functions 200
[debug] [2025-11-23T16:19:22.530Z] <<< [apiv2][body] GET https://cloudfunctions.googleapis.com/v1/projects/calendar-dev-f58f5/locations/-/functions {"functions":[{"name":"projects/calendar-dev-f58f5/locations/europe-west2/functions/api","httpsTrigger":{"url":"https://europe-west2-calendar-dev-f58f5.cloudfunctions.net/api","securityLevel":"SECURE_ALWAYS"},"status":"ACTIVE","entryPoint":"api","timeout":"60s","availableMemoryMb":256,"serviceAccountEmail":"calendar-dev-f58f5@appspot.gserviceaccount.com","updateTime":"2025-11-19T17:23:34.253Z","versionId":"16","labels":{"deployment-tool":"cli-firebase","firebase-functions-hash":"9422086a98d544ae7e40c9d197bc9ed4c9195306"},"sourceUploadUrl":"https://storage.googleapis.com/uploads-973034475111.europe-west2.cloudfunctions.appspot.com/347ed0b9-bbfe-4966-bc5f-0234fde0cba0.zip","environmentVariables":{"FIREBASE_CONFIG":"{\"projectId\":\"calendar-dev-f58f5\",\"storageBucket\":\"calendar-dev-f58f5.firebasestorage.app\"}","GCLOUD_PROJECT":"calendar-dev-f58f5","EVENTARC_CLOUD_EVENT_SOURCE":"projects/calendar-dev-f58f5/locations/europe-west2/functions/api","ALLOWED_ORIGINS":"https://calendar-dev-f58f5.web.app"},"runtime":"nodejs20","ingressSettings":"ALLOW_ALL","buildId":"dc8fc6ad-cde0-4381-a78d-eb5489d81c60","buildEnvironmentVariables":{"GOOGLE_NODE_RUN_SCRIPTS":""},"buildName":"projects/1097903638769/locations/europe-west2/builds/dc8fc6ad-cde0-4381-a78d-eb5489d81c60","dockerRegistry":"ARTIFACT_REGISTRY","automaticUpdatePolicy":{},"buildServiceAccount":"projects/calendar-dev-f58f5/serviceAccounts/1097903638769-compute@developer.gserviceaccount.com","satisfiesPzs":true,"satisfiesPzi":true}]}
[debug] [2025-11-23T16:19:22.531Z] Checked if tokens are valid: true, expires at: 1763918342591
[debug] [2025-11-23T16:19:22.531Z] Checked if tokens are valid: true, expires at: 1763918342591
[debug] [2025-11-23T16:19:22.532Z] >>> [apiv2][query] GET https://cloudfunctions.googleapis.com/v2/projects/calendar-dev-f58f5/locations/-/functions filter=environment%3D%22GEN_2%22
[debug] [2025-11-23T16:19:23.561Z] <<< [apiv2][status] GET https://cloudfunctions.googleapis.com/v2/projects/calendar-dev-f58f5/locations/-/functions 200
[debug] [2025-11-23T16:19:23.561Z] <<< [apiv2][body] GET https://cloudfunctions.googleapis.com/v2/projects/calendar-dev-f58f5/locations/-/functions {}
[debug] [2025-11-23T16:19:23.569Z] Checked if tokens are valid: true, expires at: 1763918342591
[debug] [2025-11-23T16:19:23.569Z] Checked if tokens are valid: true, expires at: 1763918342591
[debug] [2025-11-23T16:19:23.570Z] >>> [apiv2][query] GET https://cloudresourcemanager.googleapis.com/v1/projects/calendar-dev-f58f5 [none]
[debug] [2025-11-23T16:19:23.767Z] <<< [apiv2][status] GET https://cloudresourcemanager.googleapis.com/v1/projects/calendar-dev-f58f5 200
[debug] [2025-11-23T16:19:23.767Z] <<< [apiv2][body] GET https://cloudresourcemanager.googleapis.com/v1/projects/calendar-dev-f58f5 {"projectNumber":"1097903638769","projectId":"calendar-dev-f58f5","lifecycleState":"ACTIVE","name":"calendar-dev","labels":{"firebase":"enabled","firebase-core":"disabled"},"createTime":"2025-10-05T15:45:32.679303Z"}
[debug] [2025-11-23T16:19:23.770Z] Checked if tokens are valid: true, expires at: 1763918342591
[debug] [2025-11-23T16:19:23.770Z] Checked if tokens are valid: true, expires at: 1763918342591
[debug] [2025-11-23T16:19:23.770Z] >>> [apiv2][query] GET https://cloudbilling.googleapis.com/v1/projects/calendar-dev-f58f5/billingInfo [none]
[debug] [2025-11-23T16:19:24.587Z] <<< [apiv2][status] GET https://cloudbilling.googleapis.com/v1/projects/calendar-dev-f58f5/billingInfo 200
[debug] [2025-11-23T16:19:24.587Z] <<< [apiv2][body] GET https://cloudbilling.googleapis.com/v1/projects/calendar-dev-f58f5/billingInfo {"name":"projects/calendar-dev-f58f5/billingInfo","projectId":"calendar-dev-f58f5","billingAccountName":"billingAccounts/01EC4D-127029-E1A29A","billingEnabled":true}
[debug] [2025-11-23T16:19:24.590Z] Checked if tokens are valid: true, expires at: 1763918342591
[debug] [2025-11-23T16:19:24.590Z] Checked if tokens are valid: true, expires at: 1763918342591
[debug] [2025-11-23T16:19:24.591Z] >>> [apiv2][query] POST https://cloudfunctions.googleapis.com/v1/projects/calendar-dev-f58f5/locations/europe-west2/functions:generateUploadUrl [none]
[debug] [2025-11-23T16:19:24.591Z] >>> [apiv2][body] POST https://cloudfunctions.googleapis.com/v1/projects/calendar-dev-f58f5/locations/europe-west2/functions:generateUploadUrl {}
[debug] [2025-11-23T16:19:25.919Z] <<< [apiv2][status] POST https://cloudfunctions.googleapis.com/v1/projects/calendar-dev-f58f5/locations/europe-west2/functions:generateUploadUrl 200
[debug] [2025-11-23T16:19:25.920Z] <<< [apiv2][body] POST https://cloudfunctions.googleapis.com/v1/projects/calendar-dev-f58f5/locations/europe-west2/functions:generateUploadUrl {"uploadUrl":"https://storage.googleapis.com/uploads-973034475111.europe-west2.cloudfunctions.appspot.com/ff540868-69d6-48dc-9e99-a7de259ce995.zip?GoogleAccessId=service-1097903638769@gcf-admin-robot.iam.gserviceaccount.com&Expires=1763916570&Signature=zh2OuJ341XEZFFsFv1v0xOZ9RTgsv6PqEM5Hmwerj%2Ft52oBNjudMh%2B01Jyk%2FrznTEc9d0YtNs6fSSrAlUfpN5ILFRrYPmQVCtXlmN4G%2BKuu%2FKaucXuanWmqjDcVGXtKAnk%2Bjxxb6By01eTasuJJtHogfr7WFx2Lqh5C2ZqmQfDg0qP2K9b3rEps8F098u5EvNHDpw%2FMFDsoszHJchxN2BvnKoKmvINkwo6%2BWVBiscqxpzmvWKB8BVHXtml%2BrcK08OGsxpVhQ9EUrHtTYQ9bjJ9zIhTxR1%2FcYGLsiCxSoXG0BfY%2F90CwYkiNiVSZ8kj0YtBEt0sJep5seTywycRRbtQ%3D%3D"}
[debug] [2025-11-23T16:19:25.922Z] >>> [apiv2][query] PUT https://storage.googleapis.com/uploads-973034475111.europe-west2.cloudfunctions.appspot.com/ff540868-69d6-48dc-9e99-a7de259ce995.zip GoogleAccessId=service-1097903638769%40gcf-admin-robot.iam.gserviceaccount.com&Expires=1763916570&Signature=zh2OuJ341XEZFFsFv1v0xOZ9RTgsv6PqEM5Hmwerj%2Ft52oBNjudMh%2B01Jyk%2FrznTEc9d0YtNs6fSSrAlUfpN5ILFRrYPmQVCtXlmN4G%2BKuu%2FKaucXuanWmqjDcVGXtKAnk%2Bjxxb6By01eTasuJJtHogfr7WFx2Lqh5C2ZqmQfDg0qP2K9b3rEps8F098u5EvNHDpw%2FMFDsoszHJchxN2BvnKoKmvINkwo6%2BWVBiscqxpzmvWKB8BVHXtml%2BrcK08OGsxpVhQ9EUrHtTYQ9bjJ9zIhTxR1%2FcYGLsiCxSoXG0BfY%2F90CwYkiNiVSZ8kj0YtBEt0sJep5seTywycRRbtQ%3D%3D
[debug] [2025-11-23T16:19:25.922Z] >>> [apiv2][body] PUT https://storage.googleapis.com/uploads-973034475111.europe-west2.cloudfunctions.appspot.com/ff540868-69d6-48dc-9e99-a7de259ce995.zip [stream]
[debug] [2025-11-23T16:19:26.097Z] <<< [apiv2][status] PUT https://storage.googleapis.com/uploads-973034475111.europe-west2.cloudfunctions.appspot.com/ff540868-69d6-48dc-9e99-a7de259ce995.zip 200
[debug] [2025-11-23T16:19:26.097Z] <<< [apiv2][body] PUT https://storage.googleapis.com/uploads-973034475111.europe-west2.cloudfunctions.appspot.com/ff540868-69d6-48dc-9e99-a7de259ce995.zip [omitted]
[info] +  functions: server source uploaded successfully 
[info] i  functions: updating Node.js 20 (1st Gen) function api(europe-west2)... 
[debug] [2025-11-23T16:19:26.112Z] Checked if tokens are valid: true, expires at: 1763918342591
[debug] [2025-11-23T16:19:26.112Z] Checked if tokens are valid: true, expires at: 1763918342591
[debug] [2025-11-23T16:19:26.113Z] >>> [apiv2][query] PATCH https://cloudfunctions.googleapis.com/v1/projects/calendar-dev-f58f5/locations/europe-west2/functions/api updateMask=name%2CsourceUploadUrl%2CentryPoint%2Cruntime%2CdockerRegistry%2Clabels%2ChttpsTrigger.securityLevel%2CminInstances%2CmaxInstances%2CingressSettings%2CenvironmentVariables%2CserviceAccountEmail%2CavailableMemoryMb%2Ctimeout%2CvpcConnector%2CvpcConnectorEgressSettings%2CsourceToken%2CbuildEnvironmentVariables
[debug] [2025-11-23T16:19:26.113Z] >>> [apiv2][body] PATCH https://cloudfunctions.googleapis.com/v1/projects/calendar-dev-f58f5/locations/europe-west2/functions/api {"name":"projects/calendar-dev-f58f5/locations/europe-west2/functions/api","sourceUploadUrl":"https://storage.googleapis.com/uploads-973034475111.europe-west2.cloudfunctions.appspot.com/ff540868-69d6-48dc-9e99-a7de259ce995.zip?GoogleAccessId=service-1097903638769@gcf-admin-robot.iam.gserviceaccount.com&Expires=1763916570&Signature=zh2OuJ341XEZFFsFv1v0xOZ9RTgsv6PqEM5Hmwerj%2Ft52oBNjudMh%2B01Jyk%2FrznTEc9d0YtNs6fSSrAlUfpN5ILFRrYPmQVCtXlmN4G%2BKuu%2FKaucXuanWmqjDcVGXtKAnk%2Bjxxb6By01eTasuJJtHogfr7WFx2Lqh5C2ZqmQfDg0qP2K9b3rEps8F098u5EvNHDpw%2FMFDsoszHJchxN2BvnKoKmvINkwo6%2BWVBiscqxpzmvWKB8BVHXtml%2BrcK08OGsxpVhQ9EUrHtTYQ9bjJ9zIhTxR1%2FcYGLsiCxSoXG0BfY%2F90CwYkiNiVSZ8kj0YtBEt0sJep5seTywycRRbtQ%3D%3D","entryPoint":"api","runtime":"nodejs20","dockerRegistry":"ARTIFACT_REGISTRY","labels":{"deployment-tool":"cli-firebase","firebase-functions-hash":"4a3c0453b127a5e2ef6da470391923dc64ddfad8"},"httpsTrigger":{"securityLevel":"SECURE_ALWAYS"},"minInstances":null,"maxInstances":null,"ingressSettings":null,"environmentVariables":{"FIREBASE_CONFIG":"{\"projectId\":\"calendar-dev-f58f5\",\"storageBucket\":\"calendar-dev-f58f5.firebasestorage.app\"}","GCLOUD_PROJECT":"calendar-dev-f58f5","EVENTARC_CLOUD_EVENT_SOURCE":"projects/calendar-dev-f58f5/locations/europe-west2/functions/api","ALLOWED_ORIGINS":"https://calendar-dev-f58f5.web.app"},"serviceAccountEmail":null,"availableMemoryMb":null,"timeout":null,"vpcConnector":null,"vpcConnectorEgressSettings":null,"buildEnvironmentVariables":{"GOOGLE_NODE_RUN_SCRIPTS":""}}
[debug] [2025-11-23T16:19:26.905Z] <<< [apiv2][status] PATCH https://cloudfunctions.googleapis.com/v1/projects/calendar-dev-f58f5/locations/europe-west2/functions/api 200
[debug] [2025-11-23T16:19:26.905Z] <<< [apiv2][body] PATCH https://cloudfunctions.googleapis.com/v1/projects/calendar-dev-f58f5/locations/europe-west2/functions/api {"name":"operations/Y2FsZW5kYXItZGV2LWY1OGY1L2V1cm9wZS13ZXN0Mi9hcGkvb3c4dmhMMjdKLU0","metadata":{"@type":"type.googleapis.com/google.cloud.functions.v1.OperationMetadataV1","target":"projects/calendar-dev-f58f5/locations/europe-west2/functions/api","type":"UPDATE_FUNCTION","request":{"@type":"type.googleapis.com/google.cloud.functions.v1.CloudFunction","name":"projects/calendar-dev-f58f5/locations/europe-west2/functions/api","httpsTrigger":{"url":"https://europe-west2-calendar-dev-f58f5.cloudfunctions.net/api","securityLevel":"SECURE_ALWAYS"},"status":"ACTIVE","entryPoint":"api","updateTime":"2025-11-19T17:23:34.253Z","versionId":"16","labels":{"deployment-tool":"cli-firebase","firebase-functions-hash":"4a3c0453b127a5e2ef6da470391923dc64ddfad8"},"sourceUploadUrl":"https://storage.googleapis.com/uploads-973034475111.europe-west2.cloudfunctions.appspot.com/ff540868-69d6-48dc-9e99-a7de259ce995.zip?GoogleAccessId=service-1097903638769@gcf-admin-robot.iam.gserviceaccount.com&Expires=1763916570&Signature=zh2OuJ341XEZFFsFv1v0xOZ9RTgsv6PqEM5Hmwerj%2Ft52oBNjudMh%2B01Jyk%2FrznTEc9d0YtNs6fSSrAlUfpN5ILFRrYPmQVCtXlmN4G%2BKuu%2FKaucXuanWmqjDcVGXtKAnk%2Bjxxb6By01eTasuJJtHogfr7WFx2Lqh5C2ZqmQfDg0qP2K9b3rEps8F098u5EvNHDpw%2FMFDsoszHJchxN2BvnKoKmvINkwo6%2BWVBiscqxpzmvWKB8BVHXtml%2BrcK08OGsxpVhQ9EUrHtTYQ9bjJ9zIhTxR1%2FcYGLsiCxSoXG0BfY%2F90CwYkiNiVSZ8kj0YtBEt0sJep5seTywycRRbtQ%3D%3D","environmentVariables":{"FIREBASE_CONFIG":"{\"projectId\":\"calendar-dev-f58f5\",\"storageBucket\":\"calendar-dev-f58f5.firebasestorage.app\"}","GCLOUD_PROJECT":"calendar-dev-f58f5","EVENTARC_CLOUD_EVENT_SOURCE":"projects/calendar-dev-f58f5/locations/europe-west2/functions/api","ALLOWED_ORIGINS":"https://calendar-dev-f58f5.web.app"},"runtime":"nodejs20","buildId":"dc8fc6ad-cde0-4381-a78d-eb5489d81c60","buildEnvironmentVariables":{"GOOGLE_NODE_RUN_SCRIPTS":""},"buildName":"projects/1097903638769/locations/europe-west2/builds/dc8fc6ad-cde0-4381-a78d-eb5489d81c60","dockerRegistry":"ARTIFACT_REGISTRY","automaticUpdatePolicy":{},"buildServiceAccount":"projects/calendar-dev-f58f5/serviceAccounts/1097903638769-compute@developer.gserviceaccount.com"},"versionId":"17","updateTime":"2025-11-23T16:19:31Z"}}
[debug] [2025-11-23T16:19:26.906Z] Checked if tokens are valid: true, expires at: 1763918342591
[debug] [2025-11-23T16:19:26.907Z] Checked if tokens are valid: true, expires at: 1763918342591
[debug] [2025-11-23T16:19:26.907Z] >>> [apiv2][query] GET https://cloudfunctions.googleapis.com/v1/operations/Y2FsZW5kYXItZGV2LWY1OGY1L2V1cm9wZS13ZXN0Mi9hcGkvb3c4dmhMMjdKLU0 [none]
[debug] [2025-11-23T16:19:27.029Z] <<< [apiv2][status] GET https://cloudfunctions.googleapis.com/v1/operations/Y2FsZW5kYXItZGV2LWY1OGY1L2V1cm9wZS13ZXN0Mi9hcGkvb3c4dmhMMjdKLU0 200
[debug] [2025-11-23T16:19:27.030Z] <<< [apiv2][body] GET https://cloudfunctions.googleapis.com/v1/operations/Y2FsZW5kYXItZGV2LWY1OGY1L2V1cm9wZS13ZXN0Mi9hcGkvb3c4dmhMMjdKLU0 {"name":"operations/Y2FsZW5kYXItZGV2LWY1OGY1L2V1cm9wZS13ZXN0Mi9hcGkvb3c4dmhMMjdKLU0","metadata":{"@type":"type.googleapis.com/google.cloud.functions.v1.OperationMetadataV1","target":"projects/calendar-dev-f58f5/locations/europe-west2/functions/api","type":"UPDATE_FUNCTION","request":{"@type":"type.googleapis.com/google.cloud.functions.v1.CloudFunction","name":"projects/calendar-dev-f58f5/locations/europe-west2/functions/api","httpsTrigger":{"url":"https://europe-west2-calendar-dev-f58f5.cloudfunctions.net/api","securityLevel":"SECURE_ALWAYS"},"status":"ACTIVE","entryPoint":"api","updateTime":"2025-11-19T17:23:34.253Z","versionId":"16","labels":{"deployment-tool":"cli-firebase","firebase-functions-hash":"4a3c0453b127a5e2ef6da470391923dc64ddfad8"},"sourceUploadUrl":"https://storage.googleapis.com/uploads-973034475111.europe-west2.cloudfunctions.appspot.com/ff540868-69d6-48dc-9e99-a7de259ce995.zip?GoogleAccessId=service-1097903638769@gcf-admin-robot.iam.gserviceaccount.com&Expires=1763916570&Signature=zh2OuJ341XEZFFsFv1v0xOZ9RTgsv6PqEM5Hmwerj%2Ft52oBNjudMh%2B01Jyk%2FrznTEc9d0YtNs6fSSrAlUfpN5ILFRrYPmQVCtXlmN4G%2BKuu%2FKaucXuanWmqjDcVGXtKAnk%2Bjxxb6By01eTasuJJtHogfr7WFx2Lqh5C2ZqmQfDg0qP2K9b3rEps8F098u5EvNHDpw%2FMFDsoszHJchxN2BvnKoKmvINkwo6%2BWVBiscqxpzmvWKB8BVHXtml%2BrcK08OGsxpVhQ9EUrHtTYQ9bjJ9zIhTxR1%2FcYGLsiCxSoXG0BfY%2F90CwYkiNiVSZ8kj0YtBEt0sJep5seTywycRRbtQ%3D%3D","environmentVariables":{"FIREBASE_CONFIG":"{\"projectId\":\"calendar-dev-f58f5\",\"storageBucket\":\"calendar-dev-f58f5.firebasestorage.app\"}","GCLOUD_PROJECT":"calendar-dev-f58f5","EVENTARC_CLOUD_EVENT_SOURCE":"projects/calendar-dev-f58f5/locations/europe-west2/functions/api","ALLOWED_ORIGINS":"https://calendar-dev-f58f5.web.app"},"runtime":"nodejs20","buildId":"dc8fc6ad-cde0-4381-a78d-eb5489d81c60","buildEnvironmentVariables":{"GOOGLE_NODE_RUN_SCRIPTS":""},"buildName":"projects/1097903638769/locations/europe-west2/builds/dc8fc6ad-cde0-4381-a78d-eb5489d81c60","dockerRegistry":"ARTIFACT_REGISTRY","automaticUpdatePolicy":{},"buildServiceAccount":"projects/calendar-dev-f58f5/serviceAccounts/1097903638769-compute@developer.gserviceaccount.com"},"versionId":"17","updateTime":"2025-11-23T16:19:31Z"}}
[debug] [2025-11-23T16:19:27.534Z] [update-default-europe-west2-api] Retrying task index 0
[debug] [2025-11-23T16:19:27.534Z] Checked if tokens are valid: true, expires at: 1763918342591
[debug] [2025-11-23T16:19:27.535Z] Checked if tokens are valid: true, expires at: 1763918342591
[debug] [2025-11-23T16:19:27.535Z] >>> [apiv2][query] GET https://cloudfunctions.googleapis.com/v1/operations/Y2FsZW5kYXItZGV2LWY1OGY1L2V1cm9wZS13ZXN0Mi9hcGkvb3c4dmhMMjdKLU0 [none]
[debug] [2025-11-23T16:19:27.760Z] <<< [apiv2][status] GET https://cloudfunctions.googleapis.com/v1/operations/Y2FsZW5kYXItZGV2LWY1OGY1L2V1cm9wZS13ZXN0Mi9hcGkvb3c4dmhMMjdKLU0 200
[debug] [2025-11-23T16:19:27.760Z] <<< [apiv2][body] GET https://cloudfunctions.googleapis.com/v1/operations/Y2FsZW5kYXItZGV2LWY1OGY1L2V1cm9wZS13ZXN0Mi9hcGkvb3c4dmhMMjdKLU0 {"name":"operations/Y2FsZW5kYXItZGV2LWY1OGY1L2V1cm9wZS13ZXN0Mi9hcGkvb3c4dmhMMjdKLU0","metadata":{"@type":"type.googleapis.com/google.cloud.functions.v1.OperationMetadataV1","target":"projects/calendar-dev-f58f5/locations/europe-west2/functions/api","type":"UPDATE_FUNCTION","request":{"@type":"type.googleapis.com/google.cloud.functions.v1.CloudFunction","name":"projects/calendar-dev-f58f5/locations/europe-west2/functions/api","httpsTrigger":{"url":"https://europe-west2-calendar-dev-f58f5.cloudfunctions.net/api","securityLevel":"SECURE_ALWAYS"},"status":"ACTIVE","entryPoint":"api","updateTime":"2025-11-19T17:23:34.253Z","versionId":"16","labels":{"deployment-tool":"cli-firebase","firebase-functions-hash":"4a3c0453b127a5e2ef6da470391923dc64ddfad8"},"sourceUploadUrl":"https://storage.googleapis.com/uploads-973034475111.europe-west2.cloudfunctions.appspot.com/ff540868-69d6-48dc-9e99-a7de259ce995.zip?GoogleAccessId=service-1097903638769@gcf-admin-robot.iam.gserviceaccount.com&Expires=1763916570&Signature=zh2OuJ341XEZFFsFv1v0xOZ9RTgsv6PqEM5Hmwerj%2Ft52oBNjudMh%2B01Jyk%2FrznTEc9d0YtNs6fSSrAlUfpN5ILFRrYPmQVCtXlmN4G%2BKuu%2FKaucXuanWmqjDcVGXtKAnk%2Bjxxb6By01eTasuJJtHogfr7WFx2Lqh5C2ZqmQfDg0qP2K9b3rEps8F098u5EvNHDpw%2FMFDsoszHJchxN2BvnKoKmvINkwo6%2BWVBiscqxpzmvWKB8BVHXtml%2BrcK08OGsxpVhQ9EUrHtTYQ9bjJ9zIhTxR1%2FcYGLsiCxSoXG0BfY%2F90CwYkiNiVSZ8kj0YtBEt0sJep5seTywycRRbtQ%3D%3D","environmentVariables":{"FIREBASE_CONFIG":"{\"projectId\":\"calendar-dev-f58f5\",\"storageBucket\":\"calendar-dev-f58f5.firebasestorage.app\"}","GCLOUD_PROJECT":"calendar-dev-f58f5","EVENTARC_CLOUD_EVENT_SOURCE":"projects/calendar-dev-f58f5/locations/europe-west2/functions/api","ALLOWED_ORIGINS":"https://calendar-dev-f58f5.web.app"},"runtime":"nodejs20","buildId":"dc8fc6ad-cde0-4381-a78d-eb5489d81c60","buildEnvironmentVariables":{"GOOGLE_NODE_RUN_SCRIPTS":""},"buildName":"projects/1097903638769/locations/europe-west2/builds/dc8fc6ad-cde0-4381-a78d-eb5489d81c60","dockerRegistry":"ARTIFACT_REGISTRY","automaticUpdatePolicy":{},"buildServiceAccount":"projects/calendar-dev-f58f5/serviceAccounts/1097903638769-compute@developer.gserviceaccount.com"},"versionId":"17","updateTime":"2025-11-23T16:19:32Z"}}
[debug] [2025-11-23T16:19:28.765Z] [update-default-europe-west2-api] Retrying task index 0
[debug] [2025-11-23T16:19:28.765Z] Checked if tokens are valid: true, expires at: 1763918342591
[debug] [2025-11-23T16:19:28.766Z] Checked if tokens are valid: true, expires at: 1763918342591
[debug] [2025-11-23T16:19:28.766Z] >>> [apiv2][query] GET https://cloudfunctions.googleapis.com/v1/operations/Y2FsZW5kYXItZGV2LWY1OGY1L2V1cm9wZS13ZXN0Mi9hcGkvb3c4dmhMMjdKLU0 [none]
[debug] [2025-11-23T16:19:28.901Z] <<< [apiv2][status] GET https://cloudfunctions.googleapis.com/v1/operations/Y2FsZW5kYXItZGV2LWY1OGY1L2V1cm9wZS13ZXN0Mi9hcGkvb3c4dmhMMjdKLU0 200
[debug] [2025-11-23T16:19:28.901Z] <<< [apiv2][body] GET https://cloudfunctions.googleapis.com/v1/operations/Y2FsZW5kYXItZGV2LWY1OGY1L2V1cm9wZS13ZXN0Mi9hcGkvb3c4dmhMMjdKLU0 {"name":"operations/Y2FsZW5kYXItZGV2LWY1OGY1L2V1cm9wZS13ZXN0Mi9hcGkvb3c4dmhMMjdKLU0","metadata":{"@type":"type.googleapis.com/google.cloud.functions.v1.OperationMetadataV1","target":"projects/calendar-dev-f58f5/locations/europe-west2/functions/api","type":"UPDATE_FUNCTION","request":{"@type":"type.googleapis.com/google.cloud.functions.v1.CloudFunction","name":"projects/calendar-dev-f58f5/locations/europe-west2/functions/api","httpsTrigger":{"url":"https://europe-west2-calendar-dev-f58f5.cloudfunctions.net/api","securityLevel":"SECURE_ALWAYS"},"status":"ACTIVE","entryPoint":"api","updateTime":"2025-11-19T17:23:34.253Z","versionId":"16","labels":{"deployment-tool":"cli-firebase","firebase-functions-hash":"4a3c0453b127a5e2ef6da470391923dc64ddfad8"},"sourceUploadUrl":"https://storage.googleapis.com/uploads-973034475111.europe-west2.cloudfunctions.appspot.com/ff540868-69d6-48dc-9e99-a7de259ce995.zip?GoogleAccessId=service-1097903638769@gcf-admin-robot.iam.gserviceaccount.com&Expires=1763916570&Signature=zh2OuJ341XEZFFsFv1v0xOZ9RTgsv6PqEM5Hmwerj%2Ft52oBNjudMh%2B01Jyk%2FrznTEc9d0YtNs6fSSrAlUfpN5ILFRrYPmQVCtXlmN4G%2BKuu%2FKaucXuanWmqjDcVGXtKAnk%2Bjxxb6By01eTasuJJtHogfr7WFx2Lqh5C2ZqmQfDg0qP2K9b3rEps8F098u5EvNHDpw%2FMFDsoszHJchxN2BvnKoKmvINkwo6%2BWVBiscqxpzmvWKB8BVHXtml%2BrcK08OGsxpVhQ9EUrHtTYQ9bjJ9zIhTxR1%2FcYGLsiCxSoXG0BfY%2F90CwYkiNiVSZ8kj0YtBEt0sJep5seTywycRRbtQ%3D%3D","environmentVariables":{"FIREBASE_CONFIG":"{\"projectId\":\"calendar-dev-f58f5\",\"storageBucket\":\"calendar-dev-f58f5.firebasestorage.app\"}","GCLOUD_PROJECT":"calendar-dev-f58f5","EVENTARC_CLOUD_EVENT_SOURCE":"projects/calendar-dev-f58f5/locations/europe-west2/functions/api","ALLOWED_ORIGINS":"https://calendar-dev-f58f5.web.app"},"runtime":"nodejs20","buildId":"dc8fc6ad-cde0-4381-a78d-eb5489d81c60","buildEnvironmentVariables":{"GOOGLE_NODE_RUN_SCRIPTS":""},"buildName":"projects/1097903638769/locations/europe-west2/builds/dc8fc6ad-cde0-4381-a78d-eb5489d81c60","dockerRegistry":"ARTIFACT_REGISTRY","automaticUpdatePolicy":{},"buildServiceAccount":"projects/calendar-dev-f58f5/serviceAccounts/1097903638769-compute@developer.gserviceaccount.com"},"versionId":"17","updateTime":"2025-11-23T16:19:32Z","buildId":"50f467ba-708b-4bc7-a865-89d4d0e22702","buildName":"projects/1097903638769/locations/europe-west2/builds/50f467ba-708b-4bc7-a865-89d4d0e22702"}}
[debug] [2025-11-23T16:19:30.903Z] [update-default-europe-west2-api] Retrying task index 0
[debug] [2025-11-23T16:19:30.904Z] Checked if tokens are valid: true, expires at: 1763918342591
[debug] [2025-11-23T16:19:30.904Z] Checked if tokens are valid: true, expires at: 1763918342591
[debug] [2025-11-23T16:19:30.905Z] >>> [apiv2][query] GET https://cloudfunctions.googleapis.com/v1/operations/Y2FsZW5kYXItZGV2LWY1OGY1L2V1cm9wZS13ZXN0Mi9hcGkvb3c4dmhMMjdKLU0 [none]
[debug] [2025-11-23T16:19:31.114Z] <<< [apiv2][status] GET https://cloudfunctions.googleapis.com/v1/operations/Y2FsZW5kYXItZGV2LWY1OGY1L2V1cm9wZS13ZXN0Mi9hcGkvb3c4dmhMMjdKLU0 200
[debug] [2025-11-23T16:19:31.114Z] <<< [apiv2][body] GET https://cloudfunctions.googleapis.com/v1/operations/Y2FsZW5kYXItZGV2LWY1OGY1L2V1cm9wZS13ZXN0Mi9hcGkvb3c4dmhMMjdKLU0 {"name":"operations/Y2FsZW5kYXItZGV2LWY1OGY1L2V1cm9wZS13ZXN0Mi9hcGkvb3c4dmhMMjdKLU0","metadata":{"@type":"type.googleapis.com/google.cloud.functions.v1.OperationMetadataV1","target":"projects/calendar-dev-f58f5/locations/europe-west2/functions/api","type":"UPDATE_FUNCTION","request":{"@type":"type.googleapis.com/google.cloud.functions.v1.CloudFunction","name":"projects/calendar-dev-f58f5/locations/europe-west2/functions/api","httpsTrigger":{"url":"https://europe-west2-calendar-dev-f58f5.cloudfunctions.net/api","securityLevel":"SECURE_ALWAYS"},"status":"ACTIVE","entryPoint":"api","updateTime":"2025-11-19T17:23:34.253Z","versionId":"16","labels":{"deployment-tool":"cli-firebase","firebase-functions-hash":"4a3c0453b127a5e2ef6da470391923dc64ddfad8"},"sourceUploadUrl":"https://storage.googleapis.com/uploads-973034475111.europe-west2.cloudfunctions.appspot.com/ff540868-69d6-48dc-9e99-a7de259ce995.zip?GoogleAccessId=service-1097903638769@gcf-admin-robot.iam.gserviceaccount.com&Expires=1763916570&Signature=zh2OuJ341XEZFFsFv1v0xOZ9RTgsv6PqEM5Hmwerj%2Ft52oBNjudMh%2B01Jyk%2FrznTEc9d0YtNs6fSSrAlUfpN5ILFRrYPmQVCtXlmN4G%2BKuu%2FKaucXuanWmqjDcVGXtKAnk%2Bjxxb6By01eTasuJJtHogfr7WFx2Lqh5C2ZqmQfDg0qP2K9b3rEps8F098u5EvNHDpw%2FMFDsoszHJchxN2BvnKoKmvINkwo6%2BWVBiscqxpzmvWKB8BVHXtml%2BrcK08OGsxpVhQ9EUrHtTYQ9bjJ9zIhTxR1%2FcYGLsiCxSoXG0BfY%2F90CwYkiNiVSZ8kj0YtBEt0sJep5seTywycRRbtQ%3D%3D","environmentVariables":{"FIREBASE_CONFIG":"{\"projectId\":\"calendar-dev-f58f5\",\"storageBucket\":\"calendar-dev-f58f5.firebasestorage.app\"}","GCLOUD_PROJECT":"calendar-dev-f58f5","EVENTARC_CLOUD_EVENT_SOURCE":"projects/calendar-dev-f58f5/locations/europe-west2/functions/api","ALLOWED_ORIGINS":"https://calendar-dev-f58f5.web.app"},"runtime":"nodejs20","buildId":"dc8fc6ad-cde0-4381-a78d-eb5489d81c60","buildEnvironmentVariables":{"GOOGLE_NODE_RUN_SCRIPTS":""},"buildName":"projects/1097903638769/locations/europe-west2/builds/dc8fc6ad-cde0-4381-a78d-eb5489d81c60","dockerRegistry":"ARTIFACT_REGISTRY","automaticUpdatePolicy":{},"buildServiceAccount":"projects/calendar-dev-f58f5/serviceAccounts/1097903638769-compute@developer.gserviceaccount.com"},"versionId":"17","updateTime":"2025-11-23T16:19:32Z","buildId":"50f467ba-708b-4bc7-a865-89d4d0e22702","buildName":"projects/1097903638769/locations/europe-west2/builds/50f467ba-708b-4bc7-a865-89d4d0e22702"}}
[debug] [2025-11-23T16:19:35.119Z] [update-default-europe-west2-api] Retrying task index 0
[debug] [2025-11-23T16:19:35.120Z] Checked if tokens are valid: true, expires at: 1763918342591
[debug] [2025-11-23T16:19:35.120Z] Checked if tokens are valid: true, expires at: 1763918342591
[debug] [2025-11-23T16:19:35.120Z] >>> [apiv2][query] GET https://cloudfunctions.googleapis.com/v1/operations/Y2FsZW5kYXItZGV2LWY1OGY1L2V1cm9wZS13ZXN0Mi9hcGkvb3c4dmhMMjdKLU0 [none]
[debug] [2025-11-23T16:19:35.340Z] <<< [apiv2][status] GET https://cloudfunctions.googleapis.com/v1/operations/Y2FsZW5kYXItZGV2LWY1OGY1L2V1cm9wZS13ZXN0Mi9hcGkvb3c4dmhMMjdKLU0 200
[debug] [2025-11-23T16:19:35.340Z] <<< [apiv2][body] GET https://cloudfunctions.googleapis.com/v1/operations/Y2FsZW5kYXItZGV2LWY1OGY1L2V1cm9wZS13ZXN0Mi9hcGkvb3c4dmhMMjdKLU0 {"name":"operations/Y2FsZW5kYXItZGV2LWY1OGY1L2V1cm9wZS13ZXN0Mi9hcGkvb3c4dmhMMjdKLU0","metadata":{"@type":"type.googleapis.com/google.cloud.functions.v1.OperationMetadataV1","target":"projects/calendar-dev-f58f5/locations/europe-west2/functions/api","type":"UPDATE_FUNCTION","request":{"@type":"type.googleapis.com/google.cloud.functions.v1.CloudFunction","name":"projects/calendar-dev-f58f5/locations/europe-west2/functions/api","httpsTrigger":{"url":"https://europe-west2-calendar-dev-f58f5.cloudfunctions.net/api","securityLevel":"SECURE_ALWAYS"},"status":"ACTIVE","entryPoint":"api","updateTime":"2025-11-19T17:23:34.253Z","versionId":"16","labels":{"deployment-tool":"cli-firebase","firebase-functions-hash":"4a3c0453b127a5e2ef6da470391923dc64ddfad8"},"sourceUploadUrl":"https://storage.googleapis.com/uploads-973034475111.europe-west2.cloudfunctions.appspot.com/ff540868-69d6-48dc-9e99-a7de259ce995.zip?GoogleAccessId=service-1097903638769@gcf-admin-robot.iam.gserviceaccount.com&Expires=1763916570&Signature=zh2OuJ341XEZFFsFv1v0xOZ9RTgsv6PqEM5Hmwerj%2Ft52oBNjudMh%2B01Jyk%2FrznTEc9d0YtNs6fSSrAlUfpN5ILFRrYPmQVCtXlmN4G%2BKuu%2FKaucXuanWmqjDcVGXtKAnk%2Bjxxb6By01eTasuJJtHogfr7WFx2Lqh5C2ZqmQfDg0qP2K9b3rEps8F098u5EvNHDpw%2FMFDsoszHJchxN2BvnKoKmvINkwo6%2BWVBiscqxpzmvWKB8BVHXtml%2BrcK08OGsxpVhQ9EUrHtTYQ9bjJ9zIhTxR1%2FcYGLsiCxSoXG0BfY%2F90CwYkiNiVSZ8kj0YtBEt0sJep5seTywycRRbtQ%3D%3D","environmentVariables":{"FIREBASE_CONFIG":"{\"projectId\":\"calendar-dev-f58f5\",\"storageBucket\":\"calendar-dev-f58f5.firebasestorage.app\"}","GCLOUD_PROJECT":"calendar-dev-f58f5","EVENTARC_CLOUD_EVENT_SOURCE":"projects/calendar-dev-f58f5/locations/europe-west2/functions/api","ALLOWED_ORIGINS":"https://calendar-dev-f58f5.web.app"},"runtime":"nodejs20","buildId":"dc8fc6ad-cde0-4381-a78d-eb5489d81c60","buildEnvironmentVariables":{"GOOGLE_NODE_RUN_SCRIPTS":""},"buildName":"projects/1097903638769/locations/europe-west2/builds/dc8fc6ad-cde0-4381-a78d-eb5489d81c60","dockerRegistry":"ARTIFACT_REGISTRY","automaticUpdatePolicy":{},"buildServiceAccount":"projects/calendar-dev-f58f5/serviceAccounts/1097903638769-compute@developer.gserviceaccount.com"},"versionId":"17","updateTime":"2025-11-23T16:19:32Z","buildId":"50f467ba-708b-4bc7-a865-89d4d0e22702","buildName":"projects/1097903638769/locations/europe-west2/builds/50f467ba-708b-4bc7-a865-89d4d0e22702"}}
[debug] [2025-11-23T16:19:43.354Z] [update-default-europe-west2-api] Retrying task index 0
[debug] [2025-11-23T16:19:43.356Z] Checked if tokens are valid: true, expires at: 1763918342591
[debug] [2025-11-23T16:19:43.356Z] Checked if tokens are valid: true, expires at: 1763918342591
[debug] [2025-11-23T16:19:43.357Z] >>> [apiv2][query] GET https://cloudfunctions.googleapis.com/v1/operations/Y2FsZW5kYXItZGV2LWY1OGY1L2V1cm9wZS13ZXN0Mi9hcGkvb3c4dmhMMjdKLU0 [none]
[debug] [2025-11-23T16:19:43.638Z] <<< [apiv2][status] GET https://cloudfunctions.googleapis.com/v1/operations/Y2FsZW5kYXItZGV2LWY1OGY1L2V1cm9wZS13ZXN0Mi9hcGkvb3c4dmhMMjdKLU0 200
[debug] [2025-11-23T16:19:43.639Z] <<< [apiv2][body] GET https://cloudfunctions.googleapis.com/v1/operations/Y2FsZW5kYXItZGV2LWY1OGY1L2V1cm9wZS13ZXN0Mi9hcGkvb3c4dmhMMjdKLU0 {"name":"operations/Y2FsZW5kYXItZGV2LWY1OGY1L2V1cm9wZS13ZXN0Mi9hcGkvb3c4dmhMMjdKLU0","metadata":{"@type":"type.googleapis.com/google.cloud.functions.v1.OperationMetadataV1","target":"projects/calendar-dev-f58f5/locations/europe-west2/functions/api","type":"UPDATE_FUNCTION","request":{"@type":"type.googleapis.com/google.cloud.functions.v1.CloudFunction","name":"projects/calendar-dev-f58f5/locations/europe-west2/functions/api","httpsTrigger":{"url":"https://europe-west2-calendar-dev-f58f5.cloudfunctions.net/api","securityLevel":"SECURE_ALWAYS"},"status":"ACTIVE","entryPoint":"api","updateTime":"2025-11-19T17:23:34.253Z","versionId":"16","labels":{"deployment-tool":"cli-firebase","firebase-functions-hash":"4a3c0453b127a5e2ef6da470391923dc64ddfad8"},"sourceUploadUrl":"https://storage.googleapis.com/uploads-973034475111.europe-west2.cloudfunctions.appspot.com/ff540868-69d6-48dc-9e99-a7de259ce995.zip?GoogleAccessId=service-1097903638769@gcf-admin-robot.iam.gserviceaccount.com&Expires=1763916570&Signature=zh2OuJ341XEZFFsFv1v0xOZ9RTgsv6PqEM5Hmwerj%2Ft52oBNjudMh%2B01Jyk%2FrznTEc9d0YtNs6fSSrAlUfpN5ILFRrYPmQVCtXlmN4G%2BKuu%2FKaucXuanWmqjDcVGXtKAnk%2Bjxxb6By01eTasuJJtHogfr7WFx2Lqh5C2ZqmQfDg0qP2K9b3rEps8F098u5EvNHDpw%2FMFDsoszHJchxN2BvnKoKmvINkwo6%2BWVBiscqxpzmvWKB8BVHXtml%2BrcK08OGsxpVhQ9EUrHtTYQ9bjJ9zIhTxR1%2FcYGLsiCxSoXG0BfY%2F90CwYkiNiVSZ8kj0YtBEt0sJep5seTywycRRbtQ%3D%3D","environmentVariables":{"FIREBASE_CONFIG":"{\"projectId\":\"calendar-dev-f58f5\",\"storageBucket\":\"calendar-dev-f58f5.firebasestorage.app\"}","GCLOUD_PROJECT":"calendar-dev-f58f5","EVENTARC_CLOUD_EVENT_SOURCE":"projects/calendar-dev-f58f5/locations/europe-west2/functions/api","ALLOWED_ORIGINS":"https://calendar-dev-f58f5.web.app"},"runtime":"nodejs20","buildId":"dc8fc6ad-cde0-4381-a78d-eb5489d81c60","buildEnvironmentVariables":{"GOOGLE_NODE_RUN_SCRIPTS":""},"buildName":"projects/1097903638769/locations/europe-west2/builds/dc8fc6ad-cde0-4381-a78d-eb5489d81c60","dockerRegistry":"ARTIFACT_REGISTRY","automaticUpdatePolicy":{},"buildServiceAccount":"projects/calendar-dev-f58f5/serviceAccounts/1097903638769-compute@developer.gserviceaccount.com"},"versionId":"17","updateTime":"2025-11-23T16:19:32Z","buildId":"50f467ba-708b-4bc7-a865-89d4d0e22702","buildName":"projects/1097903638769/locations/europe-west2/builds/50f467ba-708b-4bc7-a865-89d4d0e22702"}}
[debug] [2025-11-23T16:19:53.646Z] [update-default-europe-west2-api] Retrying task index 0
[debug] [2025-11-23T16:19:53.648Z] Checked if tokens are valid: true, expires at: 1763918342591
[debug] [2025-11-23T16:19:53.648Z] Checked if tokens are valid: true, expires at: 1763918342591
[debug] [2025-11-23T16:19:53.648Z] >>> [apiv2][query] GET https://cloudfunctions.googleapis.com/v1/operations/Y2FsZW5kYXItZGV2LWY1OGY1L2V1cm9wZS13ZXN0Mi9hcGkvb3c4dmhMMjdKLU0 [none]
[debug] [2025-11-23T16:19:53.817Z] <<< [apiv2][status] GET https://cloudfunctions.googleapis.com/v1/operations/Y2FsZW5kYXItZGV2LWY1OGY1L2V1cm9wZS13ZXN0Mi9hcGkvb3c4dmhMMjdKLU0 200
[debug] [2025-11-23T16:19:53.817Z] <<< [apiv2][body] GET https://cloudfunctions.googleapis.com/v1/operations/Y2FsZW5kYXItZGV2LWY1OGY1L2V1cm9wZS13ZXN0Mi9hcGkvb3c4dmhMMjdKLU0 {"name":"operations/Y2FsZW5kYXItZGV2LWY1OGY1L2V1cm9wZS13ZXN0Mi9hcGkvb3c4dmhMMjdKLU0","metadata":{"@type":"type.googleapis.com/google.cloud.functions.v1.OperationMetadataV1","target":"projects/calendar-dev-f58f5/locations/europe-west2/functions/api","type":"UPDATE_FUNCTION","request":{"@type":"type.googleapis.com/google.cloud.functions.v1.CloudFunction","name":"projects/calendar-dev-f58f5/locations/europe-west2/functions/api","httpsTrigger":{"url":"https://europe-west2-calendar-dev-f58f5.cloudfunctions.net/api","securityLevel":"SECURE_ALWAYS"},"status":"ACTIVE","entryPoint":"api","updateTime":"2025-11-19T17:23:34.253Z","versionId":"16","labels":{"deployment-tool":"cli-firebase","firebase-functions-hash":"4a3c0453b127a5e2ef6da470391923dc64ddfad8"},"sourceUploadUrl":"https://storage.googleapis.com/uploads-973034475111.europe-west2.cloudfunctions.appspot.com/ff540868-69d6-48dc-9e99-a7de259ce995.zip?GoogleAccessId=service-1097903638769@gcf-admin-robot.iam.gserviceaccount.com&Expires=1763916570&Signature=zh2OuJ341XEZFFsFv1v0xOZ9RTgsv6PqEM5Hmwerj%2Ft52oBNjudMh%2B01Jyk%2FrznTEc9d0YtNs6fSSrAlUfpN5ILFRrYPmQVCtXlmN4G%2BKuu%2FKaucXuanWmqjDcVGXtKAnk%2Bjxxb6By01eTasuJJtHogfr7WFx2Lqh5C2ZqmQfDg0qP2K9b3rEps8F098u5EvNHDpw%2FMFDsoszHJchxN2BvnKoKmvINkwo6%2BWVBiscqxpzmvWKB8BVHXtml%2BrcK08OGsxpVhQ9EUrHtTYQ9bjJ9zIhTxR1%2FcYGLsiCxSoXG0BfY%2F90CwYkiNiVSZ8kj0YtBEt0sJep5seTywycRRbtQ%3D%3D","environmentVariables":{"FIREBASE_CONFIG":"{\"projectId\":\"calendar-dev-f58f5\",\"storageBucket\":\"calendar-dev-f58f5.firebasestorage.app\"}","GCLOUD_PROJECT":"calendar-dev-f58f5","EVENTARC_CLOUD_EVENT_SOURCE":"projects/calendar-dev-f58f5/locations/europe-west2/functions/api","ALLOWED_ORIGINS":"https://calendar-dev-f58f5.web.app"},"runtime":"nodejs20","buildId":"dc8fc6ad-cde0-4381-a78d-eb5489d81c60","buildEnvironmentVariables":{"GOOGLE_NODE_RUN_SCRIPTS":""},"buildName":"projects/1097903638769/locations/europe-west2/builds/dc8fc6ad-cde0-4381-a78d-eb5489d81c60","dockerRegistry":"ARTIFACT_REGISTRY","automaticUpdatePolicy":{},"buildServiceAccount":"projects/calendar-dev-f58f5/serviceAccounts/1097903638769-compute@developer.gserviceaccount.com"},"versionId":"17","updateTime":"2025-11-23T16:19:32Z","buildId":"50f467ba-708b-4bc7-a865-89d4d0e22702","buildName":"projects/1097903638769/locations/europe-west2/builds/50f467ba-708b-4bc7-a865-89d4d0e22702"}}
[debug] [2025-11-23T16:20:03.828Z] [update-default-europe-west2-api] Retrying task index 0
[debug] [2025-11-23T16:20:03.829Z] Checked if tokens are valid: true, expires at: 1763918342591
[debug] [2025-11-23T16:20:03.829Z] Checked if tokens are valid: true, expires at: 1763918342591
[debug] [2025-11-23T16:20:03.829Z] >>> [apiv2][query] GET https://cloudfunctions.googleapis.com/v1/operations/Y2FsZW5kYXItZGV2LWY1OGY1L2V1cm9wZS13ZXN0Mi9hcGkvb3c4dmhMMjdKLU0 [none]
[debug] [2025-11-23T16:20:04.113Z] <<< [apiv2][status] GET https://cloudfunctions.googleapis.com/v1/operations/Y2FsZW5kYXItZGV2LWY1OGY1L2V1cm9wZS13ZXN0Mi9hcGkvb3c4dmhMMjdKLU0 200
[debug] [2025-11-23T16:20:04.113Z] <<< [apiv2][body] GET https://cloudfunctions.googleapis.com/v1/operations/Y2FsZW5kYXItZGV2LWY1OGY1L2V1cm9wZS13ZXN0Mi9hcGkvb3c4dmhMMjdKLU0 {"name":"operations/Y2FsZW5kYXItZGV2LWY1OGY1L2V1cm9wZS13ZXN0Mi9hcGkvb3c4dmhMMjdKLU0","metadata":{"@type":"type.googleapis.com/google.cloud.functions.v1.OperationMetadataV1","target":"projects/calendar-dev-f58f5/locations/europe-west2/functions/api","type":"UPDATE_FUNCTION","request":{"@type":"type.googleapis.com/google.cloud.functions.v1.CloudFunction","name":"projects/calendar-dev-f58f5/locations/europe-west2/functions/api","httpsTrigger":{"url":"https://europe-west2-calendar-dev-f58f5.cloudfunctions.net/api","securityLevel":"SECURE_ALWAYS"},"status":"ACTIVE","entryPoint":"api","updateTime":"2025-11-19T17:23:34.253Z","versionId":"16","labels":{"deployment-tool":"cli-firebase","firebase-functions-hash":"4a3c0453b127a5e2ef6da470391923dc64ddfad8"},"sourceUploadUrl":"https://storage.googleapis.com/uploads-973034475111.europe-west2.cloudfunctions.appspot.com/ff540868-69d6-48dc-9e99-a7de259ce995.zip?GoogleAccessId=service-1097903638769@gcf-admin-robot.iam.gserviceaccount.com&Expires=1763916570&Signature=zh2OuJ341XEZFFsFv1v0xOZ9RTgsv6PqEM5Hmwerj%2Ft52oBNjudMh%2B01Jyk%2FrznTEc9d0YtNs6fSSrAlUfpN5ILFRrYPmQVCtXlmN4G%2BKuu%2FKaucXuanWmqjDcVGXtKAnk%2Bjxxb6By01eTasuJJtHogfr7WFx2Lqh5C2ZqmQfDg0qP2K9b3rEps8F098u5EvNHDpw%2FMFDsoszHJchxN2BvnKoKmvINkwo6%2BWVBiscqxpzmvWKB8BVHXtml%2BrcK08OGsxpVhQ9EUrHtTYQ9bjJ9zIhTxR1%2FcYGLsiCxSoXG0BfY%2F90CwYkiNiVSZ8kj0YtBEt0sJep5seTywycRRbtQ%3D%3D","environmentVariables":{"FIREBASE_CONFIG":"{\"projectId\":\"calendar-dev-f58f5\",\"storageBucket\":\"calendar-dev-f58f5.firebasestorage.app\"}","GCLOUD_PROJECT":"calendar-dev-f58f5","EVENTARC_CLOUD_EVENT_SOURCE":"projects/calendar-dev-f58f5/locations/europe-west2/functions/api","ALLOWED_ORIGINS":"https://calendar-dev-f58f5.web.app"},"runtime":"nodejs20","buildId":"dc8fc6ad-cde0-4381-a78d-eb5489d81c60","buildEnvironmentVariables":{"GOOGLE_NODE_RUN_SCRIPTS":""},"buildName":"projects/1097903638769/locations/europe-west2/builds/dc8fc6ad-cde0-4381-a78d-eb5489d81c60","dockerRegistry":"ARTIFACT_REGISTRY","automaticUpdatePolicy":{},"buildServiceAccount":"projects/calendar-dev-f58f5/serviceAccounts/1097903638769-compute@developer.gserviceaccount.com"},"versionId":"17","updateTime":"2025-11-23T16:19:32Z","buildId":"50f467ba-708b-4bc7-a865-89d4d0e22702","buildName":"projects/1097903638769/locations/europe-west2/builds/50f467ba-708b-4bc7-a865-89d4d0e22702"}}
[debug] [2025-11-23T16:20:14.124Z] [update-default-europe-west2-api] Retrying task index 0
[debug] [2025-11-23T16:20:14.125Z] Checked if tokens are valid: true, expires at: 1763918342591
[debug] [2025-11-23T16:20:14.127Z] Checked if tokens are valid: true, expires at: 1763918342591
[debug] [2025-11-23T16:20:14.129Z] >>> [apiv2][query] GET https://cloudfunctions.googleapis.com/v1/operations/Y2FsZW5kYXItZGV2LWY1OGY1L2V1cm9wZS13ZXN0Mi9hcGkvb3c4dmhMMjdKLU0 [none]
[debug] [2025-11-23T16:20:14.353Z] <<< [apiv2][status] GET https://cloudfunctions.googleapis.com/v1/operations/Y2FsZW5kYXItZGV2LWY1OGY1L2V1cm9wZS13ZXN0Mi9hcGkvb3c4dmhMMjdKLU0 200
[debug] [2025-11-23T16:20:14.354Z] <<< [apiv2][body] GET https://cloudfunctions.googleapis.com/v1/operations/Y2FsZW5kYXItZGV2LWY1OGY1L2V1cm9wZS13ZXN0Mi9hcGkvb3c4dmhMMjdKLU0 {"name":"operations/Y2FsZW5kYXItZGV2LWY1OGY1L2V1cm9wZS13ZXN0Mi9hcGkvb3c4dmhMMjdKLU0","metadata":{"@type":"type.googleapis.com/google.cloud.functions.v1.OperationMetadataV1","target":"projects/calendar-dev-f58f5/locations/europe-west2/functions/api","type":"UPDATE_FUNCTION","request":{"@type":"type.googleapis.com/google.cloud.functions.v1.CloudFunction","name":"projects/calendar-dev-f58f5/locations/europe-west2/functions/api","httpsTrigger":{"url":"https://europe-west2-calendar-dev-f58f5.cloudfunctions.net/api","securityLevel":"SECURE_ALWAYS"},"status":"ACTIVE","entryPoint":"api","updateTime":"2025-11-19T17:23:34.253Z","versionId":"16","labels":{"deployment-tool":"cli-firebase","firebase-functions-hash":"4a3c0453b127a5e2ef6da470391923dc64ddfad8"},"sourceUploadUrl":"https://storage.googleapis.com/uploads-973034475111.europe-west2.cloudfunctions.appspot.com/ff540868-69d6-48dc-9e99-a7de259ce995.zip?GoogleAccessId=service-1097903638769@gcf-admin-robot.iam.gserviceaccount.com&Expires=1763916570&Signature=zh2OuJ341XEZFFsFv1v0xOZ9RTgsv6PqEM5Hmwerj%2Ft52oBNjudMh%2B01Jyk%2FrznTEc9d0YtNs6fSSrAlUfpN5ILFRrYPmQVCtXlmN4G%2BKuu%2FKaucXuanWmqjDcVGXtKAnk%2Bjxxb6By01eTasuJJtHogfr7WFx2Lqh5C2ZqmQfDg0qP2K9b3rEps8F098u5EvNHDpw%2FMFDsoszHJchxN2BvnKoKmvINkwo6%2BWVBiscqxpzmvWKB8BVHXtml%2BrcK08OGsxpVhQ9EUrHtTYQ9bjJ9zIhTxR1%2FcYGLsiCxSoXG0BfY%2F90CwYkiNiVSZ8kj0YtBEt0sJep5seTywycRRbtQ%3D%3D","environmentVariables":{"FIREBASE_CONFIG":"{\"projectId\":\"calendar-dev-f58f5\",\"storageBucket\":\"calendar-dev-f58f5.firebasestorage.app\"}","GCLOUD_PROJECT":"calendar-dev-f58f5","EVENTARC_CLOUD_EVENT_SOURCE":"projects/calendar-dev-f58f5/locations/europe-west2/functions/api","ALLOWED_ORIGINS":"https://calendar-dev-f58f5.web.app"},"runtime":"nodejs20","buildId":"dc8fc6ad-cde0-4381-a78d-eb5489d81c60","buildEnvironmentVariables":{"GOOGLE_NODE_RUN_SCRIPTS":""},"buildName":"projects/1097903638769/locations/europe-west2/builds/dc8fc6ad-cde0-4381-a78d-eb5489d81c60","dockerRegistry":"ARTIFACT_REGISTRY","automaticUpdatePolicy":{},"buildServiceAccount":"projects/calendar-dev-f58f5/serviceAccounts/1097903638769-compute@developer.gserviceaccount.com"},"versionId":"17","updateTime":"2025-11-23T16:19:32Z","buildId":"50f467ba-708b-4bc7-a865-89d4d0e22702","buildName":"projects/1097903638769/locations/europe-west2/builds/50f467ba-708b-4bc7-a865-89d4d0e22702"}}
[debug] [2025-11-23T16:20:24.358Z] [update-default-europe-west2-api] Retrying task index 0
[debug] [2025-11-23T16:20:24.360Z] Checked if tokens are valid: true, expires at: 1763918342591
[debug] [2025-11-23T16:20:24.361Z] Checked if tokens are valid: true, expires at: 1763918342591
[debug] [2025-11-23T16:20:24.361Z] >>> [apiv2][query] GET https://cloudfunctions.googleapis.com/v1/operations/Y2FsZW5kYXItZGV2LWY1OGY1L2V1cm9wZS13ZXN0Mi9hcGkvb3c4dmhMMjdKLU0 [none]
[debug] [2025-11-23T16:20:24.595Z] <<< [apiv2][status] GET https://cloudfunctions.googleapis.com/v1/operations/Y2FsZW5kYXItZGV2LWY1OGY1L2V1cm9wZS13ZXN0Mi9hcGkvb3c4dmhMMjdKLU0 200
[debug] [2025-11-23T16:20:24.596Z] <<< [apiv2][body] GET https://cloudfunctions.googleapis.com/v1/operations/Y2FsZW5kYXItZGV2LWY1OGY1L2V1cm9wZS13ZXN0Mi9hcGkvb3c4dmhMMjdKLU0 {"name":"operations/Y2FsZW5kYXItZGV2LWY1OGY1L2V1cm9wZS13ZXN0Mi9hcGkvb3c4dmhMMjdKLU0","metadata":{"@type":"type.googleapis.com/google.cloud.functions.v1.OperationMetadataV1","target":"projects/calendar-dev-f58f5/locations/europe-west2/functions/api","type":"UPDATE_FUNCTION","request":{"@type":"type.googleapis.com/google.cloud.functions.v1.CloudFunction","name":"projects/calendar-dev-f58f5/locations/europe-west2/functions/api","httpsTrigger":{"url":"https://europe-west2-calendar-dev-f58f5.cloudfunctions.net/api","securityLevel":"SECURE_ALWAYS"},"status":"ACTIVE","entryPoint":"api","updateTime":"2025-11-19T17:23:34.253Z","versionId":"16","labels":{"deployment-tool":"cli-firebase","firebase-functions-hash":"4a3c0453b127a5e2ef6da470391923dc64ddfad8"},"sourceUploadUrl":"https://storage.googleapis.com/uploads-973034475111.europe-west2.cloudfunctions.appspot.com/ff540868-69d6-48dc-9e99-a7de259ce995.zip?GoogleAccessId=service-1097903638769@gcf-admin-robot.iam.gserviceaccount.com&Expires=1763916570&Signature=zh2OuJ341XEZFFsFv1v0xOZ9RTgsv6PqEM5Hmwerj%2Ft52oBNjudMh%2B01Jyk%2FrznTEc9d0YtNs6fSSrAlUfpN5ILFRrYPmQVCtXlmN4G%2BKuu%2FKaucXuanWmqjDcVGXtKAnk%2Bjxxb6By01eTasuJJtHogfr7WFx2Lqh5C2ZqmQfDg0qP2K9b3rEps8F098u5EvNHDpw%2FMFDsoszHJchxN2BvnKoKmvINkwo6%2BWVBiscqxpzmvWKB8BVHXtml%2BrcK08OGsxpVhQ9EUrHtTYQ9bjJ9zIhTxR1%2FcYGLsiCxSoXG0BfY%2F90CwYkiNiVSZ8kj0YtBEt0sJep5seTywycRRbtQ%3D%3D","environmentVariables":{"FIREBASE_CONFIG":"{\"projectId\":\"calendar-dev-f58f5\",\"storageBucket\":\"calendar-dev-f58f5.firebasestorage.app\"}","GCLOUD_PROJECT":"calendar-dev-f58f5","EVENTARC_CLOUD_EVENT_SOURCE":"projects/calendar-dev-f58f5/locations/europe-west2/functions/api","ALLOWED_ORIGINS":"https://calendar-dev-f58f5.web.app"},"runtime":"nodejs20","buildId":"dc8fc6ad-cde0-4381-a78d-eb5489d81c60","buildEnvironmentVariables":{"GOOGLE_NODE_RUN_SCRIPTS":""},"buildName":"projects/1097903638769/locations/europe-west2/builds/dc8fc6ad-cde0-4381-a78d-eb5489d81c60","dockerRegistry":"ARTIFACT_REGISTRY","automaticUpdatePolicy":{},"buildServiceAccount":"projects/calendar-dev-f58f5/serviceAccounts/1097903638769-compute@developer.gserviceaccount.com"},"versionId":"17","updateTime":"2025-11-23T16:19:32Z","buildId":"50f467ba-708b-4bc7-a865-89d4d0e22702","buildName":"projects/1097903638769/locations/europe-west2/builds/50f467ba-708b-4bc7-a865-89d4d0e22702"}}
[debug] [2025-11-23T16:20:34.600Z] [update-default-europe-west2-api] Retrying task index 0
[debug] [2025-11-23T16:20:34.602Z] Checked if tokens are valid: true, expires at: 1763918342591
[debug] [2025-11-23T16:20:34.602Z] Checked if tokens are valid: true, expires at: 1763918342591
[debug] [2025-11-23T16:20:34.603Z] >>> [apiv2][query] GET https://cloudfunctions.googleapis.com/v1/operations/Y2FsZW5kYXItZGV2LWY1OGY1L2V1cm9wZS13ZXN0Mi9hcGkvb3c4dmhMMjdKLU0 [none]
[debug] [2025-11-23T16:20:34.750Z] <<< [apiv2][status] GET https://cloudfunctions.googleapis.com/v1/operations/Y2FsZW5kYXItZGV2LWY1OGY1L2V1cm9wZS13ZXN0Mi9hcGkvb3c4dmhMMjdKLU0 200
[debug] [2025-11-23T16:20:34.750Z] <<< [apiv2][body] GET https://cloudfunctions.googleapis.com/v1/operations/Y2FsZW5kYXItZGV2LWY1OGY1L2V1cm9wZS13ZXN0Mi9hcGkvb3c4dmhMMjdKLU0 {"name":"operations/Y2FsZW5kYXItZGV2LWY1OGY1L2V1cm9wZS13ZXN0Mi9hcGkvb3c4dmhMMjdKLU0","metadata":{"@type":"type.googleapis.com/google.cloud.functions.v1.OperationMetadataV1","target":"projects/calendar-dev-f58f5/locations/europe-west2/functions/api","type":"UPDATE_FUNCTION","request":{"@type":"type.googleapis.com/google.cloud.functions.v1.CloudFunction","name":"projects/calendar-dev-f58f5/locations/europe-west2/functions/api","httpsTrigger":{"url":"https://europe-west2-calendar-dev-f58f5.cloudfunctions.net/api","securityLevel":"SECURE_ALWAYS"},"status":"ACTIVE","entryPoint":"api","updateTime":"2025-11-19T17:23:34.253Z","versionId":"16","labels":{"deployment-tool":"cli-firebase","firebase-functions-hash":"4a3c0453b127a5e2ef6da470391923dc64ddfad8"},"sourceUploadUrl":"https://storage.googleapis.com/uploads-973034475111.europe-west2.cloudfunctions.appspot.com/ff540868-69d6-48dc-9e99-a7de259ce995.zip?GoogleAccessId=service-1097903638769@gcf-admin-robot.iam.gserviceaccount.com&Expires=1763916570&Signature=zh2OuJ341XEZFFsFv1v0xOZ9RTgsv6PqEM5Hmwerj%2Ft52oBNjudMh%2B01Jyk%2FrznTEc9d0YtNs6fSSrAlUfpN5ILFRrYPmQVCtXlmN4G%2BKuu%2FKaucXuanWmqjDcVGXtKAnk%2Bjxxb6By01eTasuJJtHogfr7WFx2Lqh5C2ZqmQfDg0qP2K9b3rEps8F098u5EvNHDpw%2FMFDsoszHJchxN2BvnKoKmvINkwo6%2BWVBiscqxpzmvWKB8BVHXtml%2BrcK08OGsxpVhQ9EUrHtTYQ9bjJ9zIhTxR1%2FcYGLsiCxSoXG0BfY%2F90CwYkiNiVSZ8kj0YtBEt0sJep5seTywycRRbtQ%3D%3D","environmentVariables":{"FIREBASE_CONFIG":"{\"projectId\":\"calendar-dev-f58f5\",\"storageBucket\":\"calendar-dev-f58f5.firebasestorage.app\"}","GCLOUD_PROJECT":"calendar-dev-f58f5","EVENTARC_CLOUD_EVENT_SOURCE":"projects/calendar-dev-f58f5/locations/europe-west2/functions/api","ALLOWED_ORIGINS":"https://calendar-dev-f58f5.web.app"},"runtime":"nodejs20","buildId":"dc8fc6ad-cde0-4381-a78d-eb5489d81c60","buildEnvironmentVariables":{"GOOGLE_NODE_RUN_SCRIPTS":""},"buildName":"projects/1097903638769/locations/europe-west2/builds/dc8fc6ad-cde0-4381-a78d-eb5489d81c60","dockerRegistry":"ARTIFACT_REGISTRY","automaticUpdatePolicy":{},"buildServiceAccount":"projects/calendar-dev-f58f5/serviceAccounts/1097903638769-compute@developer.gserviceaccount.com"},"versionId":"17","updateTime":"2025-11-23T16:19:32Z","buildId":"50f467ba-708b-4bc7-a865-89d4d0e22702","buildName":"projects/1097903638769/locations/europe-west2/builds/50f467ba-708b-4bc7-a865-89d4d0e22702"}}
[debug] [2025-11-23T16:20:44.774Z] [update-default-europe-west2-api] Retrying task index 0
[debug] [2025-11-23T16:20:44.775Z] Checked if tokens are valid: true, expires at: 1763918342591
[debug] [2025-11-23T16:20:44.775Z] Checked if tokens are valid: true, expires at: 1763918342591
[debug] [2025-11-23T16:20:44.775Z] >>> [apiv2][query] GET https://cloudfunctions.googleapis.com/v1/operations/Y2FsZW5kYXItZGV2LWY1OGY1L2V1cm9wZS13ZXN0Mi9hcGkvb3c4dmhMMjdKLU0 [none]
[debug] [2025-11-23T16:20:44.913Z] <<< [apiv2][status] GET https://cloudfunctions.googleapis.com/v1/operations/Y2FsZW5kYXItZGV2LWY1OGY1L2V1cm9wZS13ZXN0Mi9hcGkvb3c4dmhMMjdKLU0 200
[debug] [2025-11-23T16:20:44.914Z] <<< [apiv2][body] GET https://cloudfunctions.googleapis.com/v1/operations/Y2FsZW5kYXItZGV2LWY1OGY1L2V1cm9wZS13ZXN0Mi9hcGkvb3c4dmhMMjdKLU0 {"name":"operations/Y2FsZW5kYXItZGV2LWY1OGY1L2V1cm9wZS13ZXN0Mi9hcGkvb3c4dmhMMjdKLU0","metadata":{"@type":"type.googleapis.com/google.cloud.functions.v1.OperationMetadataV1","target":"projects/calendar-dev-f58f5/locations/europe-west2/functions/api","type":"UPDATE_FUNCTION","request":{"@type":"type.googleapis.com/google.cloud.functions.v1.CloudFunction","name":"projects/calendar-dev-f58f5/locations/europe-west2/functions/api","httpsTrigger":{"url":"https://europe-west2-calendar-dev-f58f5.cloudfunctions.net/api","securityLevel":"SECURE_ALWAYS"},"status":"ACTIVE","entryPoint":"api","updateTime":"2025-11-19T17:23:34.253Z","versionId":"16","labels":{"deployment-tool":"cli-firebase","firebase-functions-hash":"4a3c0453b127a5e2ef6da470391923dc64ddfad8"},"sourceUploadUrl":"https://storage.googleapis.com/uploads-973034475111.europe-west2.cloudfunctions.appspot.com/ff540868-69d6-48dc-9e99-a7de259ce995.zip?GoogleAccessId=service-1097903638769@gcf-admin-robot.iam.gserviceaccount.com&Expires=1763916570&Signature=zh2OuJ341XEZFFsFv1v0xOZ9RTgsv6PqEM5Hmwerj%2Ft52oBNjudMh%2B01Jyk%2FrznTEc9d0YtNs6fSSrAlUfpN5ILFRrYPmQVCtXlmN4G%2BKuu%2FKaucXuanWmqjDcVGXtKAnk%2Bjxxb6By01eTasuJJtHogfr7WFx2Lqh5C2ZqmQfDg0qP2K9b3rEps8F098u5EvNHDpw%2FMFDsoszHJchxN2BvnKoKmvINkwo6%2BWVBiscqxpzmvWKB8BVHXtml%2BrcK08OGsxpVhQ9EUrHtTYQ9bjJ9zIhTxR1%2FcYGLsiCxSoXG0BfY%2F90CwYkiNiVSZ8kj0YtBEt0sJep5seTywycRRbtQ%3D%3D","environmentVariables":{"FIREBASE_CONFIG":"{\"projectId\":\"calendar-dev-f58f5\",\"storageBucket\":\"calendar-dev-f58f5.firebasestorage.app\"}","GCLOUD_PROJECT":"calendar-dev-f58f5","EVENTARC_CLOUD_EVENT_SOURCE":"projects/calendar-dev-f58f5/locations/europe-west2/functions/api","ALLOWED_ORIGINS":"https://calendar-dev-f58f5.web.app"},"runtime":"nodejs20","buildId":"dc8fc6ad-cde0-4381-a78d-eb5489d81c60","buildEnvironmentVariables":{"GOOGLE_NODE_RUN_SCRIPTS":""},"buildName":"projects/1097903638769/locations/europe-west2/builds/dc8fc6ad-cde0-4381-a78d-eb5489d81c60","dockerRegistry":"ARTIFACT_REGISTRY","automaticUpdatePolicy":{},"buildServiceAccount":"projects/calendar-dev-f58f5/serviceAccounts/1097903638769-compute@developer.gserviceaccount.com"},"versionId":"17","updateTime":"2025-11-23T16:19:32Z","buildId":"50f467ba-708b-4bc7-a865-89d4d0e22702","buildName":"projects/1097903638769/locations/europe-west2/builds/50f467ba-708b-4bc7-a865-89d4d0e22702"}}
[debug] [2025-11-23T16:20:54.915Z] [update-default-europe-west2-api] Retrying task index 0
[debug] [2025-11-23T16:20:54.916Z] Checked if tokens are valid: true, expires at: 1763918342591
[debug] [2025-11-23T16:20:54.917Z] Checked if tokens are valid: true, expires at: 1763918342591
[debug] [2025-11-23T16:20:54.917Z] >>> [apiv2][query] GET https://cloudfunctions.googleapis.com/v1/operations/Y2FsZW5kYXItZGV2LWY1OGY1L2V1cm9wZS13ZXN0Mi9hcGkvb3c4dmhMMjdKLU0 [none]
[debug] [2025-11-23T16:20:55.214Z] <<< [apiv2][status] GET https://cloudfunctions.googleapis.com/v1/operations/Y2FsZW5kYXItZGV2LWY1OGY1L2V1cm9wZS13ZXN0Mi9hcGkvb3c4dmhMMjdKLU0 200
[debug] [2025-11-23T16:20:55.215Z] <<< [apiv2][body] GET https://cloudfunctions.googleapis.com/v1/operations/Y2FsZW5kYXItZGV2LWY1OGY1L2V1cm9wZS13ZXN0Mi9hcGkvb3c4dmhMMjdKLU0 {"name":"operations/Y2FsZW5kYXItZGV2LWY1OGY1L2V1cm9wZS13ZXN0Mi9hcGkvb3c4dmhMMjdKLU0","metadata":{"@type":"type.googleapis.com/google.cloud.functions.v1.OperationMetadataV1","target":"projects/calendar-dev-f58f5/locations/europe-west2/functions/api","type":"UPDATE_FUNCTION","request":{"@type":"type.googleapis.com/google.cloud.functions.v1.CloudFunction","name":"projects/calendar-dev-f58f5/locations/europe-west2/functions/api","httpsTrigger":{"url":"https://europe-west2-calendar-dev-f58f5.cloudfunctions.net/api","securityLevel":"SECURE_ALWAYS"},"status":"ACTIVE","entryPoint":"api","updateTime":"2025-11-19T17:23:34.253Z","versionId":"16","labels":{"deployment-tool":"cli-firebase","firebase-functions-hash":"4a3c0453b127a5e2ef6da470391923dc64ddfad8"},"sourceUploadUrl":"https://storage.googleapis.com/uploads-973034475111.europe-west2.cloudfunctions.appspot.com/ff540868-69d6-48dc-9e99-a7de259ce995.zip?GoogleAccessId=service-1097903638769@gcf-admin-robot.iam.gserviceaccount.com&Expires=1763916570&Signature=zh2OuJ341XEZFFsFv1v0xOZ9RTgsv6PqEM5Hmwerj%2Ft52oBNjudMh%2B01Jyk%2FrznTEc9d0YtNs6fSSrAlUfpN5ILFRrYPmQVCtXlmN4G%2BKuu%2FKaucXuanWmqjDcVGXtKAnk%2Bjxxb6By01eTasuJJtHogfr7WFx2Lqh5C2ZqmQfDg0qP2K9b3rEps8F098u5EvNHDpw%2FMFDsoszHJchxN2BvnKoKmvINkwo6%2BWVBiscqxpzmvWKB8BVHXtml%2BrcK08OGsxpVhQ9EUrHtTYQ9bjJ9zIhTxR1%2FcYGLsiCxSoXG0BfY%2F90CwYkiNiVSZ8kj0YtBEt0sJep5seTywycRRbtQ%3D%3D","environmentVariables":{"FIREBASE_CONFIG":"{\"projectId\":\"calendar-dev-f58f5\",\"storageBucket\":\"calendar-dev-f58f5.firebasestorage.app\"}","GCLOUD_PROJECT":"calendar-dev-f58f5","EVENTARC_CLOUD_EVENT_SOURCE":"projects/calendar-dev-f58f5/locations/europe-west2/functions/api","ALLOWED_ORIGINS":"https://calendar-dev-f58f5.web.app"},"runtime":"nodejs20","buildId":"dc8fc6ad-cde0-4381-a78d-eb5489d81c60","buildEnvironmentVariables":{"GOOGLE_NODE_RUN_SCRIPTS":""},"buildName":"projects/1097903638769/locations/europe-west2/builds/dc8fc6ad-cde0-4381-a78d-eb5489d81c60","dockerRegistry":"ARTIFACT_REGISTRY","automaticUpdatePolicy":{},"buildServiceAccount":"projects/calendar-dev-f58f5/serviceAccounts/1097903638769-compute@developer.gserviceaccount.com"},"versionId":"17","updateTime":"2025-11-23T16:19:32Z","buildId":"50f467ba-708b-4bc7-a865-89d4d0e22702","buildName":"projects/1097903638769/locations/europe-west2/builds/50f467ba-708b-4bc7-a865-89d4d0e22702"}}
[debug] [2025-11-23T16:21:05.228Z] [update-default-europe-west2-api] Retrying task index 0
[debug] [2025-11-23T16:21:05.229Z] Checked if tokens are valid: true, expires at: 1763918342591
[debug] [2025-11-23T16:21:05.229Z] Checked if tokens are valid: true, expires at: 1763918342591
[debug] [2025-11-23T16:21:05.230Z] >>> [apiv2][query] GET https://cloudfunctions.googleapis.com/v1/operations/Y2FsZW5kYXItZGV2LWY1OGY1L2V1cm9wZS13ZXN0Mi9hcGkvb3c4dmhMMjdKLU0 [none]
[debug] [2025-11-23T16:21:05.557Z] <<< [apiv2][status] GET https://cloudfunctions.googleapis.com/v1/operations/Y2FsZW5kYXItZGV2LWY1OGY1L2V1cm9wZS13ZXN0Mi9hcGkvb3c4dmhMMjdKLU0 200
[debug] [2025-11-23T16:21:05.557Z] <<< [apiv2][body] GET https://cloudfunctions.googleapis.com/v1/operations/Y2FsZW5kYXItZGV2LWY1OGY1L2V1cm9wZS13ZXN0Mi9hcGkvb3c4dmhMMjdKLU0 {"name":"operations/Y2FsZW5kYXItZGV2LWY1OGY1L2V1cm9wZS13ZXN0Mi9hcGkvb3c4dmhMMjdKLU0","metadata":{"@type":"type.googleapis.com/google.cloud.functions.v1.OperationMetadataV1","target":"projects/calendar-dev-f58f5/locations/europe-west2/functions/api","type":"UPDATE_FUNCTION","request":{"@type":"type.googleapis.com/google.cloud.functions.v1.CloudFunction","name":"projects/calendar-dev-f58f5/locations/europe-west2/functions/api","httpsTrigger":{"url":"https://europe-west2-calendar-dev-f58f5.cloudfunctions.net/api","securityLevel":"SECURE_ALWAYS"},"status":"ACTIVE","entryPoint":"api","updateTime":"2025-11-19T17:23:34.253Z","versionId":"16","labels":{"deployment-tool":"cli-firebase","firebase-functions-hash":"4a3c0453b127a5e2ef6da470391923dc64ddfad8"},"sourceUploadUrl":"https://storage.googleapis.com/uploads-973034475111.europe-west2.cloudfunctions.appspot.com/ff540868-69d6-48dc-9e99-a7de259ce995.zip?GoogleAccessId=service-1097903638769@gcf-admin-robot.iam.gserviceaccount.com&Expires=1763916570&Signature=zh2OuJ341XEZFFsFv1v0xOZ9RTgsv6PqEM5Hmwerj%2Ft52oBNjudMh%2B01Jyk%2FrznTEc9d0YtNs6fSSrAlUfpN5ILFRrYPmQVCtXlmN4G%2BKuu%2FKaucXuanWmqjDcVGXtKAnk%2Bjxxb6By01eTasuJJtHogfr7WFx2Lqh5C2ZqmQfDg0qP2K9b3rEps8F098u5EvNHDpw%2FMFDsoszHJchxN2BvnKoKmvINkwo6%2BWVBiscqxpzmvWKB8BVHXtml%2BrcK08OGsxpVhQ9EUrHtTYQ9bjJ9zIhTxR1%2FcYGLsiCxSoXG0BfY%2F90CwYkiNiVSZ8kj0YtBEt0sJep5seTywycRRbtQ%3D%3D","environmentVariables":{"FIREBASE_CONFIG":"{\"projectId\":\"calendar-dev-f58f5\",\"storageBucket\":\"calendar-dev-f58f5.firebasestorage.app\"}","GCLOUD_PROJECT":"calendar-dev-f58f5","EVENTARC_CLOUD_EVENT_SOURCE":"projects/calendar-dev-f58f5/locations/europe-west2/functions/api","ALLOWED_ORIGINS":"https://calendar-dev-f58f5.web.app"},"runtime":"nodejs20","buildId":"dc8fc6ad-cde0-4381-a78d-eb5489d81c60","buildEnvironmentVariables":{"GOOGLE_NODE_RUN_SCRIPTS":""},"buildName":"projects/1097903638769/locations/europe-west2/builds/dc8fc6ad-cde0-4381-a78d-eb5489d81c60","dockerRegistry":"ARTIFACT_REGISTRY","automaticUpdatePolicy":{},"buildServiceAccount":"projects/calendar-dev-f58f5/serviceAccounts/1097903638769-compute@developer.gserviceaccount.com"},"versionId":"17","updateTime":"2025-11-23T16:19:32Z","buildId":"50f467ba-708b-4bc7-a865-89d4d0e22702","sourceToken":"96a96250-9e20-4506-a514-e54e7595a3d4","buildName":"projects/1097903638769/locations/europe-west2/builds/50f467ba-708b-4bc7-a865-89d4d0e22702"}}
[debug] [2025-11-23T16:21:05.558Z] Got source token 96a96250-9e20-4506-a514-e54e7595a3d4 for region europe-west2
